CAZy Family	PPR Subfamily	Gene ID	Frequency	Hits	Signature Peptides	EC number
AA6	1	ATY58396.1	9.02	19	FWDKTG,GNFPAQ,NFPAQW,SPWGAG,EVHGGS,HGGSPW,GGQEST,PWGAGT,LAHHGI,LSTLAH,STLAHH,EKKGIE,TLAHHG,GSPWGA,FVPLGY,GGSPWG,GGGQES,VHGGSP,FPAQWK	1.6.5.6:88
AA3	6	ATY58475.1	15.1	32	GGGPLA,MAVLDS,LIEAGD,KLSGIG,RSADPL,SADPLD,GLRVVD,WGHHAS,LRVVDA,GAGGGP,GSGAGG,TLLIEA,LRSADP,AGGGPL,AWGHHA,IEAGDD,VGSGAG,EAGDDQ,GGPLAA,LSGIGP,FRVRGV,VVDASV,NFRGYF,VVGSGA,LKLSGI,DLPGVG,FRGYFP,VDLPGV,RVVDAS,LLIEAG,NYFDTG,SGAGGG	NA
GH16	14	ATY58478.1	8.95	11	IWAGGD,GTIEWA,DDLDEI,WAGGDP,IEWAGG,LDEIDI,DEIDIE,SDDLDE,DLDEID,TIEWAG,GIWAGG	2.4.1.-:80, 2.4.1.-3.2.1:36
GH18	92	ATY58486.1	9.44	27	APQCVF,DGFDFD,SSFGGV,QCVFPD,AVVDGF,YWGQNS,VYWGQN,LTAAPQ,GGATYS,AVYWGQ,FGGVMM,PQCVFP,SFGGVM,MWDMSQ,GVMMWD,DFDFES,VVDGFD,GFDFDF,LRSLMD,GGVMMW,TAAPQC,AAPQCV,VMMWDM,VFPDAA,MMWDMS,FDFDFE,CVFPDA	3.2.1.14:15
CBM1	13	ATY58486.1	11.6	27	VYWGQN,FGGVMM,MWDMSQ,VVDGFD,GVMMWD,GGVMMW,FDFDFE,VDGFDF,GFDFDF,MMWDMS,VMMWDM,VFPDAA,GGATYS,CVFPDA,AVVDGF,GPVQSG,NFANAG,YWGQNS,SFGGVM,QCVFPD,AAPQCV,SSFGGV,PQCVFP,AVYWGQ,LRSLMD,DGFDFD,TYGKTI	NA
CBM19	1	ATY58486.1	7.79	9	VYWGQN,YWGQNS,VDGFDF,LSLGGA,AVVDGF,IQFYNN,VVDGFD,AVYWGQ,DGFDFD	3.2.1.14:125
